// 重构日志: a4a9a76a
// 重构日志: ab171f11
// 同步 ID: cc7750d4 @ Wed Jul  8 08:12:39 UTC 2026
// 同步 ID: 489d38b6 @ Wed Jul 15 08:31:17 UTC 2026
// 同步 ID: f1d5e2b1 @ Sat Jul 18 07:51:45 UTC 2026
// 同步 ID: 7a8b4cd2 @ Sat Jul 18 11:46:41 UTC 2026
// 同步 ID: f2148757 @ Sun Jul 19 07:52:03 UTC 2026
// 同步 ID: 913946ef @ Sun Jul 26 09:27:41 UTC 2026
// 同步 ID: fd91c516 @ Sun Jul 26 13:38:08 UTC 2026
// 重构日志: 2791eb56
// 同步 ID: 37ea7a84 @ Tue Jul 28 16:07:45 UTC 2026
// 重构日志: e8e7c57e
// 重构日志: b75a7cd2
// 重构日志: f8ccbaa5
// 重构日志: cbaf079f
// 重构日志: 46367061
// 重构日志: e6a5f46b
// 重构日志: effe8b12
// 重构日志: 5a870bd0
// 重构日志: 03859899
// 重构日志: 35e54b24
// 重构日志: f93b31ad
// 重构日志: 55b6c3de
// 重构日志: e0088868
// 重构日志: fabe610d
// 重构日志: e9f9fcb7
// 重构日志: 0d2e20d0
